Device: cuda:0

=== 1. Generating Synthetic Multi-Condition Data ===
Synthetic: X=(4000, 10, 6), y=(4000,)

=== 2. Pretraining Encoder on Synthetic Data ===
  ep   0: loss=2.4211, val_rmse=1.2935
  ep  50: loss=0.0125, val_rmse=0.0704
  ep 100: loss=0.0054, val_rmse=0.0327
  ep 150: loss=0.0041, val_rmse=0.0130
  ep 200: loss=0.0035, val_rmse=0.0228
Pretrain done. Best val RMSE: 0.0130
Encoder saved.

=== 3. Transfer to C-MAPSS FD002 ===
FD002: Train=(46219, 30, 24), Test=(253, 30, 24), Features=24

--- V2 TCN (from scratch) ---
  V2 from scratch: RMSE = 30.0
  Encoder weights transferred.
  V2 pretrained:   RMSE = 28.9

=== Final Results ===
V2 from scratch:    30.0
V2 pretrained:      28.9
Improvement:        1.1 (3.7%)
